Flow report for ghrd_10as066n2
Mon Oct 23 14:16:13 2017
Quartus Prime Version 16.1.2 Build 203 01/18/2017 SJ Standard Edition


---------------------
; Table of Contents ;
---------------------
  1. Legal Notice
  2. Flow Summary
  3. Flow Settings
  4. Flow Non-Default Global Settings
  5. Flow Elapsed Time
  6. Flow OS Summary
  7. Flow Log
  8. Flow Messages
  9. Flow Suppressed Messages



----------------
; Legal Notice ;
----------------
Copyright (C) 2017  Intel Corporation. All rights reserved.
Your use of Intel Corporation's design tools, logic functions 
and other software and tools, and its AMPP partner logic 
functions, and any output files from any of the foregoing 
(including device programming or simulation files), and any 
associated documentation or information are expressly subject 
to the terms and conditions of the Intel Program License 
Subscription Agreement, the Intel Quartus Prime License Agreement,
the Intel MegaCore Function License Agreement, or other 
applicable license agreement, including, without limitation, 
that your use is for the sole purpose of programming logic 
devices manufactured by Intel and sold by Intel or its 
authorized distributors.  Please refer to the applicable 
agreement for further details.



+-------------------------------------------------------------------------------+
; Flow Summary                                                                  ;
+-----------------------------+-------------------------------------------------+
; Flow Status                 ; Flow Failed - Mon Oct 23 14:16:13 2017          ;
; Quartus Prime Version       ; 16.1.2 Build 203 01/18/2017 SJ Standard Edition ;
; Revision Name               ; ghrd_10as066n2                                  ;
; Top-level Entity Name       ; ghrd_a10_top                                    ;
; Family                      ; Arria 10                                        ;
; Device                      ; 10AS066N3F40E2SG                                ;
; Timing Models               ; Final                                           ;
; Logic utilization (in ALMs) ; N/A until Partition Merge                       ;
; Total registers             ; N/A until Partition Merge                       ;
; Total pins                  ; N/A until Partition Merge                       ;
; Total virtual pins          ; N/A until Partition Merge                       ;
; Total block memory bits     ; N/A until Partition Merge                       ;
; Total PLLs                  ; N/A until Partition Merge                       ;
+-----------------------------+-------------------------------------------------+


+-----------------------------------------+
; Flow Settings                           ;
+-------------------+---------------------+
; Option            ; Setting             ;
+-------------------+---------------------+
; Start date & time ; 10/23/2017 14:15:58 ;
; Main task         ; Compilation         ;
; Revision Name     ; ghrd_10as066n2      ;
+-------------------+---------------------+


+-------------------------------------------------------------------------------------------------------------------------------------------------------------------------------------------------------------+
; Flow Non-Default Global Settings                                                                                                                                                                            ;
+-------------------------------------+-------------------------------------------------------------------------+----------------+---------------------------------------------------------------+------------+
; Assignment Name                     ; Value                                                                   ; Default Value  ; Entity Name                                                   ; Section Id ;
+-------------------------------------+-------------------------------------------------------------------------+----------------+---------------------------------------------------------------+------------+
; COMPILER_SIGNATURE_ID               ; 159303466371708.150873935108712                                         ; --             ; --                                                            ; --         ;
; ENABLE_SIGNALTAP                    ; On                                                                      ; --             ; --                                                            ; --         ;
; HPS_ISW_FILE                        ; ghrd_10as066n2/altera_arria10_interface_generator_140/synth/hps.pre.xml ; --             ; ghrd_10as066n2_altera_arria10_interface_generator_140_xty2kgi ; --         ;
; HPS_ISW_FILE                        ; ghrd_10as066n2/altera_emif_arch_nf_161/synth/emif.pre.xml               ; --             ; ghrd_10as066n2_altera_emif_arch_nf_161_guvuorq                ; --         ;
; INI_VARS                            ; ASM_ENABLE_ADVANCED_DEVICES=ON                                          ; --             ; --                                                            ; --         ;
; MESSAGE_DISABLE                     ; 10034                                                                   ; --             ; altera_gpio                                                   ; --         ;
; MESSAGE_DISABLE                     ; 10230                                                                   ; --             ; altera_gpio                                                   ; --         ;
; MESSAGE_DISABLE                     ; 10036                                                                   ; --             ; altera_gpio                                                   ; --         ;
; MESSAGE_DISABLE                     ; 10230                                                                   ; --             ; ghrd_10as066n2_altera_arria10_interface_generator_140_3zstnna ; --         ;
; MESSAGE_DISABLE                     ; 10230                                                                   ; --             ; ghrd_10as066n2_altera_arria10_interface_generator_140_xty2kgi ; --         ;
; MESSAGE_DISABLE                     ; 10034                                                                   ; --             ; ghrd_10as066n2_altera_lvds_core20_161_kxkdavi                 ; --         ;
; MESSAGE_DISABLE                     ; 10230                                                                   ; --             ; ghrd_10as066n2_altera_lvds_core20_161_kxkdavi                 ; --         ;
; MESSAGE_DISABLE                     ; 10034                                                                   ; --             ; ghrd_10as066n2_altera_lvds_core20_161_ugkw4ha                 ; --         ;
; MESSAGE_DISABLE                     ; 10230                                                                   ; --             ; ghrd_10as066n2_altera_lvds_core20_161_ugkw4ha                 ; --         ;
; MISC_FILE                           ; ghrd_10as066n2/ghrd_10as066n2.cmp                                       ; --             ; --                                                            ; --         ;
; MISC_FILE                           ; ghrd_10as066n2/../F                                                     ; --             ; --                                                            ; --         ;
; MISC_FILE                           ; ghrd_10as066n2/ghrd_10as066n2_arria10_hps_hps.svd                       ; --             ; --                                                            ; --         ;
; MISC_FILE                           ; ghrd_10as066n2/../ghrd_10as066n2.qsys                                   ; --             ; --                                                            ; --         ;
; MISC_FILE                           ; ghrd_10as066n2/axi_dmac_10/synth/inc_id.h                               ; --             ; --                                                            ; --         ;
; MISC_FILE                           ; ghrd_10as066n2/axi_dmac_10/synth/resp.h                                 ; --             ; --                                                            ; --         ;
; MISC_FILE                           ; ghrd_10as066n2/altera_arria10_interface_generator_140/synth/hps.pre.xml ; --             ; --                                                            ; --         ;
; MISC_FILE                           ; ghrd_10as066n2/altera_emif_arch_nf_161/synth/emif.pre.xml               ; --             ; --                                                            ; --         ;
; PARTITION_COLOR                     ; -- (Not supported for targeted family)                                  ; --             ; ghrd_a10_top                                                  ; Top        ;
; PARTITION_FITTER_PRESERVATION_LEVEL ; -- (Not supported for targeted family)                                  ; --             ; ghrd_a10_top                                                  ; Top        ;
; PARTITION_NETLIST_TYPE              ; -- (Not supported for targeted family)                                  ; --             ; ghrd_a10_top                                                  ; Top        ;
; PROJECT_OUTPUT_DIRECTORY            ; output_files                                                            ; --             ; --                                                            ; --         ;
; SLD_FILE                            ; ghrd_10as066n2/ghrd_10as066n2.regmap                                    ; --             ; --                                                            ; --         ;
; SLD_FILE                            ; ghrd_10as066n2/ghrd_10as066n2.debuginfo                                 ; --             ; --                                                            ; --         ;
; SLD_INFO                            ; QSYS_NAME ghrd_10as066n2 HAS_SOPCINFO 1 GENERATION_ID 1508738821        ; --             ; --                                                            ; --         ;
; SOPCINFO_FILE                       ; ghrd_10as066n2/../ghrd_10as066n2.sopcinfo                               ; --             ; --                                                            ; --         ;
; SYNTHESIS_ONLY_QIP                  ; On                                                                      ; --             ; --                                                            ; --         ;
; TOP_LEVEL_ENTITY                    ; ghrd_a10_top                                                            ; ghrd_10as066n2 ; --                                                            ; --         ;
; USE_SIGNALTAP_FILE                  ; cti_tapping.stp                                                         ; --             ; --                                                            ; --         ;
+-------------------------------------+-------------------------------------------------------------------------+----------------+---------------------------------------------------------------+------------+


+--------------------------------------------------------------------------------------------------------------------------+
; Flow Elapsed Time                                                                                                        ;
+----------------------+--------------+-------------------------+---------------------+------------------------------------+
; Module Name          ; Elapsed Time ; Average Processors Used ; Peak Virtual Memory ; Total CPU Time (on all processors) ;
+----------------------+--------------+-------------------------+---------------------+------------------------------------+
; Analysis & Synthesis ; 00:00:24     ; 1.0                     ; 1006 MB             ; 00:00:34                           ;
; Total                ; 00:00:24     ; --                      ; --                  ; 00:00:34                           ;
+----------------------+--------------+-------------------------+---------------------+------------------------------------+


+------------------------------------------------------------------------------------+
; Flow OS Summary                                                                    ;
+----------------------+------------------+------------+------------+----------------+
; Module Name          ; Machine Hostname ; OS Name    ; OS Version ; Processor type ;
+----------------------+------------------+------------+------------+----------------+
; Analysis & Synthesis ; RADIO-DEV        ; Windows 10 ; 10.0       ; x86_64         ;
+----------------------+------------------+------------+------------+----------------+


------------
; Flow Log ;
------------
quartus_map --read_settings_files=on --write_settings_files=off ghrd_10as066n2 -c ghrd_10as066n2



